edges
| CommandInjection.rb:6:15:6:20 | call to params :  | CommandInjection.rb:7:10:7:15 | #{...} |
| CommandInjection.rb:6:15:6:20 | call to params :  | CommandInjection.rb:8:16:8:18 | cmd |
| CommandInjection.rb:6:15:6:20 | call to params :  | CommandInjection.rb:10:14:10:16 | cmd |
| CommandInjection.rb:6:15:6:20 | call to params :  | CommandInjection.rb:11:17:11:22 | #{...} |
| CommandInjection.rb:6:15:6:20 | call to params :  | CommandInjection.rb:13:9:13:14 | #{...} |
| CommandInjection.rb:6:15:6:20 | call to params :  | CommandInjection.rb:29:19:29:24 | #{...} |
| CommandInjection.rb:6:15:6:20 | call to params :  | CommandInjection.rb:33:24:33:36 | "echo #{...}" |
| CommandInjection.rb:6:15:6:20 | call to params :  | CommandInjection.rb:34:39:34:51 | "grep #{...}" |
| CommandInjection.rb:46:15:46:20 | call to params :  | CommandInjection.rb:50:24:50:36 | "echo #{...}" |
nodes
| CommandInjection.rb:6:15:6:20 | call to params :  | semmle.label | call to params :  |
| CommandInjection.rb:7:10:7:15 | #{...} | semmle.label | #{...} |
| CommandInjection.rb:8:16:8:18 | cmd | semmle.label | cmd |
| CommandInjection.rb:10:14:10:16 | cmd | semmle.label | cmd |
| CommandInjection.rb:11:17:11:22 | #{...} | semmle.label | #{...} |
| CommandInjection.rb:13:9:13:14 | #{...} | semmle.label | #{...} |
| CommandInjection.rb:29:19:29:24 | #{...} | semmle.label | #{...} |
| CommandInjection.rb:33:24:33:36 | "echo #{...}" | semmle.label | "echo #{...}" |
| CommandInjection.rb:34:39:34:51 | "grep #{...}" | semmle.label | "grep #{...}" |
| CommandInjection.rb:46:15:46:20 | call to params :  | semmle.label | call to params :  |
| CommandInjection.rb:50:24:50:36 | "echo #{...}" | semmle.label | "echo #{...}" |
subpaths
#select
| CommandInjection.rb:7:10:7:15 | #{...} | CommandInjection.rb:6:15:6:20 | call to params :  | CommandInjection.rb:7:10:7:15 | #{...} | This command depends on $@. | CommandInjection.rb:6:15:6:20 | call to params | a user-provided value |
| CommandInjection.rb:8:16:8:18 | cmd | CommandInjection.rb:6:15:6:20 | call to params :  | CommandInjection.rb:8:16:8:18 | cmd | This command depends on $@. | CommandInjection.rb:6:15:6:20 | call to params | a user-provided value |
| CommandInjection.rb:10:14:10:16 | cmd | CommandInjection.rb:6:15:6:20 | call to params :  | CommandInjection.rb:10:14:10:16 | cmd | This command depends on $@. | CommandInjection.rb:6:15:6:20 | call to params | a user-provided value |
| CommandInjection.rb:11:17:11:22 | #{...} | CommandInjection.rb:6:15:6:20 | call to params :  | CommandInjection.rb:11:17:11:22 | #{...} | This command depends on $@. | CommandInjection.rb:6:15:6:20 | call to params | a user-provided value |
| CommandInjection.rb:13:9:13:14 | #{...} | CommandInjection.rb:6:15:6:20 | call to params :  | CommandInjection.rb:13:9:13:14 | #{...} | This command depends on $@. | CommandInjection.rb:6:15:6:20 | call to params | a user-provided value |
| CommandInjection.rb:29:19:29:24 | #{...} | CommandInjection.rb:6:15:6:20 | call to params :  | CommandInjection.rb:29:19:29:24 | #{...} | This command depends on $@. | CommandInjection.rb:6:15:6:20 | call to params | a user-provided value |
| CommandInjection.rb:33:24:33:36 | "echo #{...}" | CommandInjection.rb:6:15:6:20 | call to params :  | CommandInjection.rb:33:24:33:36 | "echo #{...}" | This command depends on $@. | CommandInjection.rb:6:15:6:20 | call to params | a user-provided value |
| CommandInjection.rb:34:39:34:51 | "grep #{...}" | CommandInjection.rb:6:15:6:20 | call to params :  | CommandInjection.rb:34:39:34:51 | "grep #{...}" | This command depends on $@. | CommandInjection.rb:6:15:6:20 | call to params | a user-provided value |
| CommandInjection.rb:50:24:50:36 | "echo #{...}" | CommandInjection.rb:46:15:46:20 | call to params :  | CommandInjection.rb:50:24:50:36 | "echo #{...}" | This command depends on $@. | CommandInjection.rb:46:15:46:20 | call to params | a user-provided value |
