| tests.cpp:258:2:258:8 | call to sprintf | This 'call to sprintf' operation requires 17 bytes but the destination is only 10 bytes. |
| tests.cpp:259:2:259:8 | call to sprintf | This 'call to sprintf' operation requires 17 bytes but the destination is only 10 bytes. |
| tests.cpp:272:2:272:8 | call to sprintf | This 'call to sprintf' operation requires 9 bytes but the destination is only 8 bytes. |
| tests.cpp:273:2:273:8 | call to sprintf | This 'call to sprintf' operation requires 9 bytes but the destination is only 8 bytes. |
| tests.cpp:308:3:308:9 | call to sprintf | This 'call to sprintf' operation requires 9 bytes but the destination is only 8 bytes. |
| tests.cpp:315:2:315:8 | call to sprintf | This 'call to sprintf' operation requires 11 bytes but the destination is only 4 bytes. |
| tests.cpp:316:2:316:8 | call to sprintf | This 'call to sprintf' operation requires 11 bytes but the destination is only 4 bytes. |
| tests.cpp:321:2:321:8 | call to sprintf | This 'call to sprintf' operation requires 11 bytes but the destination is only 4 bytes. |
| tests.cpp:324:3:324:9 | call to sprintf | This 'call to sprintf' operation requires 11 bytes but the destination is only 4 bytes. |
| tests.cpp:327:2:327:8 | call to sprintf | This 'call to sprintf' operation requires 12 bytes but the destination is only 4 bytes. |
| tests.cpp:329:3:329:9 | call to sprintf | This 'call to sprintf' operation requires 12 bytes but the destination is only 4 bytes. |
| tests.cpp:341:2:341:8 | call to sprintf | This 'call to sprintf' operation requires 3 bytes but the destination is only 2 bytes. |
| tests.cpp:343:2:343:8 | call to sprintf | This 'call to sprintf' operation requires 3 bytes but the destination is only 2 bytes. |
| tests.cpp:345:2:345:8 | call to sprintf | This 'call to sprintf' operation requires 11 bytes but the destination is only 2 bytes. |
| tests.cpp:347:2:347:8 | call to sprintf | This 'call to sprintf' operation requires 3 bytes but the destination is only 2 bytes. |
| tests.cpp:350:2:350:8 | call to sprintf | This 'call to sprintf' operation requires 4 bytes but the destination is only 3 bytes. |
| tests.cpp:354:2:354:8 | call to sprintf | This 'call to sprintf' operation requires 4 bytes but the destination is only 3 bytes. |
| tests.cpp:358:2:358:8 | call to sprintf | This 'call to sprintf' operation requires 4 bytes but the destination is only 3 bytes. |
| tests.cpp:363:2:363:8 | call to sprintf | This 'call to sprintf' operation requires 5 bytes but the destination is only 4 bytes. |
