| railsapp/app/controllers/users_controller.rb:4:3:4:47 | call to skip_before_action | Potential CSRF vulnerability due to forgery protection being disabled. |
| railsapp/config/application.rb:15:5:15:53 | call to allow_forgery_protection= | Potential CSRF vulnerability due to forgery protection being disabled. |
| railsapp/config/environments/development.rb:5:3:5:51 | call to allow_forgery_protection= | Potential CSRF vulnerability due to forgery protection being disabled. |
| railsapp/config/environments/production.rb:5:3:5:51 | call to allow_forgery_protection= | Potential CSRF vulnerability due to forgery protection being disabled. |
