getModule
| calls.rb:15:1:24:3 | M |
| calls.rb:51:1:55:3 | D |
| calls.rb:77:1:80:3 | Integer |
| calls.rb:82:1:84:3 | String |
| calls.rb:86:1:88:3 | Kernel |
| calls.rb:90:1:95:3 | Module |
| calls.rb:97:1:100:3 | Object |
| calls.rb:102:1:104:3 | Hash |
| calls.rb:106:1:117:3 | Array |
| calls.rb:144:1:148:3 | S |
| calls.rb:150:1:153:3 | A |
| calls.rb:155:1:158:3 | B |
| file://:0:0:0:0 | BasicObject |
| file://:0:0:0:0 | Class |
| file://:0:0:0:0 | Complex |
| file://:0:0:0:0 | FalseClass |
| file://:0:0:0:0 | Float |
| file://:0:0:0:0 | NilClass |
| file://:0:0:0:0 | Numeric |
| file://:0:0:0:0 | Proc |
| file://:0:0:0:0 | Rational |
| file://:0:0:0:0 | Symbol |
| file://:0:0:0:0 | TrueClass |
| hello.rb:1:1:8:3 | EnglishWords |
| hello.rb:11:1:16:3 | Greeting |
| hello.rb:18:1:22:3 | HelloWorld |
| modules.rb:1:1:2:3 | Empty |
| modules.rb:4:1:24:3 | Foo |
| modules.rb:5:3:14:5 | Foo::Bar |
| modules.rb:6:5:7:7 | Foo::Bar::ClassInFooBar |
| modules.rb:19:3:20:5 | Foo::ClassInFoo |
| modules.rb:30:3:31:5 | Foo::ClassInAnotherDefinitionOfFoo |
| modules.rb:37:1:46:3 | Bar |
| modules.rb:49:3:50:5 | Foo::Bar::ClassInAnotherDefinitionOfFooBar |
| modules.rb:60:1:61:3 | MyModuleInGlobalScope |
| modules.rb:63:1:81:3 | Test |
| modules.rb:65:3:68:5 | Test::Foo1 |
| modules.rb:66:5:67:7 | Test::Foo1::Bar |
| modules.rb:70:3:74:5 | Test::Foo2 |
| modules.rb:71:5:71:19 | Test::Foo2::Foo2 |
| modules.rb:72:5:73:7 | Test::Foo2::Foo2::Bar |
| modules.rb:76:3:80:5 | Test::Foo3 |
| modules.rb:83:1:86:3 | Other |
| modules.rb:84:3:85:5 | Other::Foo1 |
| modules.rb:88:1:93:3 | IncludeTest |
| modules.rb:91:3:92:5 | Test::Foo1::Y |
| modules.rb:95:1:99:3 | IncludeTest2 |
| modules.rb:97:3:98:5 | Test::Foo1::Z |
| modules.rb:101:1:105:3 | PrependTest |
| modules.rb:103:3:104:5 | Test::Foo2::Y |
| modules.rb:107:1:110:3 | MM |
| modules.rb:108:3:109:5 | MM::MM |
| modules.rb:112:1:113:3 | YY |
| modules.rb:115:1:118:3 | XX |
| modules.rb:116:7:117:9 | XX::YY |
| modules.rb:120:1:121:3 | Test::Foo1::Bar::Baz |
| private.rb:1:1:19:3 | C |
getADeclaration
| calls.rb:15:1:24:3 | M | calls.rb:15:1:24:3 | M |
| calls.rb:51:1:55:3 | D | calls.rb:51:1:55:3 | D |
| calls.rb:77:1:80:3 | Integer | calls.rb:77:1:80:3 | Integer |
| calls.rb:82:1:84:3 | String | calls.rb:82:1:84:3 | String |
| calls.rb:86:1:88:3 | Kernel | calls.rb:86:1:88:3 | Kernel |
| calls.rb:90:1:95:3 | Module | calls.rb:90:1:95:3 | Module |
| calls.rb:97:1:100:3 | Object | calls.rb:1:1:167:16 | calls.rb |
| calls.rb:97:1:100:3 | Object | calls.rb:97:1:100:3 | Object |
| calls.rb:97:1:100:3 | Object | hello.rb:1:1:22:3 | hello.rb |
| calls.rb:97:1:100:3 | Object | modules.rb:1:1:122:1 | modules.rb |
| calls.rb:97:1:100:3 | Object | private.rb:1:1:30:15 | private.rb |
| calls.rb:102:1:104:3 | Hash | calls.rb:102:1:104:3 | Hash |
| calls.rb:106:1:117:3 | Array | calls.rb:106:1:117:3 | Array |
| calls.rb:144:1:148:3 | S | calls.rb:144:1:148:3 | S |
| calls.rb:150:1:153:3 | A | calls.rb:150:1:153:3 | A |
| calls.rb:155:1:158:3 | B | calls.rb:155:1:158:3 | B |
| hello.rb:1:1:8:3 | EnglishWords | hello.rb:1:1:8:3 | EnglishWords |
| hello.rb:11:1:16:3 | Greeting | hello.rb:11:1:16:3 | Greeting |
| hello.rb:18:1:22:3 | HelloWorld | hello.rb:18:1:22:3 | HelloWorld |
| modules.rb:1:1:2:3 | Empty | modules.rb:1:1:2:3 | Empty |
| modules.rb:4:1:24:3 | Foo | modules.rb:4:1:24:3 | Foo |
| modules.rb:4:1:24:3 | Foo | modules.rb:26:1:35:3 | Foo |
| modules.rb:5:3:14:5 | Foo::Bar | modules.rb:5:3:14:5 | Bar |
| modules.rb:5:3:14:5 | Foo::Bar | modules.rb:48:1:57:3 | Bar |
| modules.rb:6:5:7:7 | Foo::Bar::ClassInFooBar | modules.rb:6:5:7:7 | ClassInFooBar |
| modules.rb:19:3:20:5 | Foo::ClassInFoo | modules.rb:19:3:20:5 | ClassInFoo |
| modules.rb:30:3:31:5 | Foo::ClassInAnotherDefinitionOfFoo | modules.rb:30:3:31:5 | ClassInAnotherDefinitionOfFoo |
| modules.rb:37:1:46:3 | Bar | modules.rb:37:1:46:3 | Bar |
| modules.rb:37:1:46:3 | Bar | modules.rb:78:5:79:7 | Bar |
| modules.rb:49:3:50:5 | Foo::Bar::ClassInAnotherDefinitionOfFooBar | modules.rb:49:3:50:5 | ClassInAnotherDefinitionOfFooBar |
| modules.rb:60:1:61:3 | MyModuleInGlobalScope | modules.rb:60:1:61:3 | MyModuleInGlobalScope |
| modules.rb:63:1:81:3 | Test | modules.rb:63:1:81:3 | Test |
| modules.rb:65:3:68:5 | Test::Foo1 | modules.rb:65:3:68:5 | Foo1 |
| modules.rb:66:5:67:7 | Test::Foo1::Bar | modules.rb:66:5:67:7 | Bar |
| modules.rb:70:3:74:5 | Test::Foo2 | modules.rb:70:3:74:5 | Foo2 |
| modules.rb:71:5:71:19 | Test::Foo2::Foo2 | modules.rb:71:5:71:19 | Foo2 |
| modules.rb:72:5:73:7 | Test::Foo2::Foo2::Bar | modules.rb:72:5:73:7 | Bar |
| modules.rb:76:3:80:5 | Test::Foo3 | modules.rb:76:3:80:5 | Foo3 |
| modules.rb:83:1:86:3 | Other | modules.rb:83:1:86:3 | Other |
| modules.rb:84:3:85:5 | Other::Foo1 | modules.rb:84:3:85:5 | Foo1 |
| modules.rb:88:1:93:3 | IncludeTest | modules.rb:88:1:93:3 | IncludeTest |
| modules.rb:91:3:92:5 | Test::Foo1::Y | modules.rb:91:3:92:5 | Y |
| modules.rb:95:1:99:3 | IncludeTest2 | modules.rb:95:1:99:3 | IncludeTest2 |
| modules.rb:97:3:98:5 | Test::Foo1::Z | modules.rb:97:3:98:5 | Z |
| modules.rb:101:1:105:3 | PrependTest | modules.rb:101:1:105:3 | PrependTest |
| modules.rb:103:3:104:5 | Test::Foo2::Y | modules.rb:103:3:104:5 | Y |
| modules.rb:107:1:110:3 | MM | modules.rb:107:1:110:3 | MM |
| modules.rb:108:3:109:5 | MM::MM | modules.rb:108:3:109:5 | MM |
| modules.rb:112:1:113:3 | YY | modules.rb:112:1:113:3 | YY |
| modules.rb:115:1:118:3 | XX | modules.rb:115:1:118:3 | XX |
| modules.rb:116:7:117:9 | XX::YY | modules.rb:116:7:117:9 | YY |
| modules.rb:120:1:121:3 | Test::Foo1::Bar::Baz | modules.rb:120:1:121:3 | Baz |
| private.rb:1:1:19:3 | C | calls.rb:29:1:44:3 | C |
| private.rb:1:1:19:3 | C | private.rb:1:1:19:3 | C |
getSuperClass
| calls.rb:51:1:55:3 | D | private.rb:1:1:19:3 | C |
| calls.rb:77:1:80:3 | Integer | file://:0:0:0:0 | Numeric |
| calls.rb:82:1:84:3 | String | calls.rb:97:1:100:3 | Object |
| calls.rb:90:1:95:3 | Module | calls.rb:97:1:100:3 | Object |
| calls.rb:97:1:100:3 | Object | file://:0:0:0:0 | BasicObject |
| calls.rb:102:1:104:3 | Hash | calls.rb:97:1:100:3 | Object |
| calls.rb:106:1:117:3 | Array | calls.rb:97:1:100:3 | Object |
| calls.rb:144:1:148:3 | S | calls.rb:97:1:100:3 | Object |
| calls.rb:150:1:153:3 | A | calls.rb:144:1:148:3 | S |
| calls.rb:155:1:158:3 | B | calls.rb:144:1:148:3 | S |
| file://:0:0:0:0 | Class | calls.rb:90:1:95:3 | Module |
| file://:0:0:0:0 | Complex | file://:0:0:0:0 | Numeric |
| file://:0:0:0:0 | FalseClass | calls.rb:97:1:100:3 | Object |
| file://:0:0:0:0 | Float | file://:0:0:0:0 | Numeric |
| file://:0:0:0:0 | NilClass | calls.rb:97:1:100:3 | Object |
| file://:0:0:0:0 | Numeric | calls.rb:97:1:100:3 | Object |
| file://:0:0:0:0 | Rational | file://:0:0:0:0 | Numeric |
| file://:0:0:0:0 | TrueClass | calls.rb:97:1:100:3 | Object |
| hello.rb:11:1:16:3 | Greeting | calls.rb:97:1:100:3 | Object |
| hello.rb:18:1:22:3 | HelloWorld | hello.rb:11:1:16:3 | Greeting |
| modules.rb:6:5:7:7 | Foo::Bar::ClassInFooBar | calls.rb:97:1:100:3 | Object |
| modules.rb:19:3:20:5 | Foo::ClassInFoo | calls.rb:97:1:100:3 | Object |
| modules.rb:30:3:31:5 | Foo::ClassInAnotherDefinitionOfFoo | calls.rb:97:1:100:3 | Object |
| modules.rb:37:1:46:3 | Bar | calls.rb:97:1:100:3 | Object |
| modules.rb:49:3:50:5 | Foo::Bar::ClassInAnotherDefinitionOfFooBar | calls.rb:97:1:100:3 | Object |
| modules.rb:66:5:67:7 | Test::Foo1::Bar | calls.rb:97:1:100:3 | Object |
| modules.rb:72:5:73:7 | Test::Foo2::Foo2::Bar | calls.rb:97:1:100:3 | Object |
| modules.rb:112:1:113:3 | YY | calls.rb:97:1:100:3 | Object |
| modules.rb:116:7:117:9 | XX::YY | modules.rb:112:1:113:3 | YY |
| private.rb:1:1:19:3 | C | calls.rb:97:1:100:3 | Object |
getAPrependedModule
| modules.rb:101:1:105:3 | PrependTest | modules.rb:63:1:81:3 | Test |
getAnIncludedModule
| calls.rb:97:1:100:3 | Object | calls.rb:86:1:88:3 | Kernel |
| hello.rb:11:1:16:3 | Greeting | hello.rb:1:1:8:3 | EnglishWords |
| modules.rb:88:1:93:3 | IncludeTest | modules.rb:63:1:81:3 | Test |
| modules.rb:95:1:99:3 | IncludeTest2 | modules.rb:63:1:81:3 | Test |
| private.rb:1:1:19:3 | C | calls.rb:15:1:24:3 | M |
