| calls/calls.rb:11:1:11:3 | 123 | 123 |
| calls/calls.rb:14:5:14:5 | 0 | 0 |
| calls/calls.rb:14:8:14:8 | 1 | 1 |
| calls/calls.rb:14:11:14:11 | 2 | 2 |
| calls/calls.rb:17:15:17:15 | 1 | 1 |
| calls/calls.rb:21:7:21:7 | 1 | 1 |
| calls/calls.rb:25:1:25:3 | 123 | 123 |
| calls/calls.rb:25:9:25:13 | "foo" | foo |
| calls/calls.rb:26:7:26:7 | 1 | 1 |
| calls/calls.rb:36:9:36:11 | 100 | 100 |
| calls/calls.rb:36:14:36:16 | 200 | 200 |
| calls/calls.rb:278:5:278:8 | :blah | blah |
| calls/calls.rb:279:5:279:8 | :blah | blah |
| calls/calls.rb:288:11:288:16 | "blah" | blah |
| calls/calls.rb:289:11:289:11 | 1 | 1 |
| calls/calls.rb:289:14:289:14 | 2 | 2 |
| calls/calls.rb:289:17:289:17 | 3 | 3 |
| calls/calls.rb:290:21:290:21 | 1 | 1 |
| calls/calls.rb:291:22:291:22 | 2 | 2 |
| calls/calls.rb:292:11:292:11 | 4 | 4 |
| calls/calls.rb:292:14:292:14 | 5 | 5 |
| calls/calls.rb:292:26:292:28 | 100 | 100 |
| calls/calls.rb:293:11:293:11 | 6 | 6 |
| calls/calls.rb:293:14:293:14 | 7 | 7 |
| calls/calls.rb:293:27:293:29 | 200 | 200 |
| calls/calls.rb:311:6:311:6 | 1 | 1 |
| calls/calls.rb:314:1:314:8 | __synth__0 | 10 |
| calls/calls.rb:314:12:314:13 | 10 | 10 |
| calls/calls.rb:315:1:315:6 | __synth__0 | 10 |
| calls/calls.rb:315:5:315:5 | 0 | 0 |
| calls/calls.rb:315:10:315:11 | 10 | 10 |
| calls/calls.rb:316:1:316:8 | 0 | 0 |
| calls/calls.rb:316:12:316:19 | 1 | 1 |
| calls/calls.rb:316:12:316:19 | -2 | -2 |
| calls/calls.rb:316:22:316:27 | -1 | -1 |
| calls/calls.rb:316:26:316:26 | 4 | 4 |
| calls/calls.rb:316:32:316:32 | 1 | 1 |
| calls/calls.rb:316:35:316:35 | 2 | 2 |
| calls/calls.rb:316:38:316:38 | 3 | 3 |
| calls/calls.rb:316:41:316:41 | 4 | 4 |
| calls/calls.rb:317:1:317:1 | 0 | 0 |
| calls/calls.rb:317:5:317:10 | 1 | 1 |
| calls/calls.rb:317:5:317:10 | -1 | -1 |
| calls/calls.rb:317:9:317:9 | 5 | 5 |
| calls/calls.rb:317:15:317:15 | 1 | 1 |
| calls/calls.rb:317:18:317:18 | 2 | 2 |
| calls/calls.rb:317:21:317:21 | 3 | 3 |
| calls/calls.rb:318:15:318:15 | 1 | 1 |
| calls/calls.rb:319:5:319:5 | 0 | 0 |
| calls/calls.rb:319:5:319:5 | __synth__1 | 0 |
| calls/calls.rb:319:5:319:5 | __synth__1 | 0 |
| calls/calls.rb:319:11:319:11 | 1 | 1 |
| calls/calls.rb:320:9:320:9 | 0 | 0 |
| calls/calls.rb:320:9:320:9 | __synth__1 | 0 |
| calls/calls.rb:320:9:320:9 | __synth__1 | 0 |
| calls/calls.rb:320:31:320:31 | 1 | 1 |
| calls/calls.rb:320:37:320:37 | 2 | 2 |
| calls/calls.rb:328:31:328:37 | "error" | error |
| calls/calls.rb:340:5:340:5 | 0 | 0 |
| calls/calls.rb:340:8:340:8 | 1 | 1 |
| calls/calls.rb:340:11:340:11 | 2 | 2 |
| calls/calls.rb:340:18:340:18 | 1 | 1 |
| calls/calls.rb:340:20:340:20 | 2 | 2 |
| calls/calls.rb:340:22:340:22 | 3 | 3 |
| calls/calls.rb:340:27:340:27 | 4 | 4 |
| calls/calls.rb:340:29:340:29 | 5 | 5 |
| calls/calls.rb:340:31:340:31 | 6 | 6 |
| constants/constants.rb:3:19:3:27 | "const_a" | const_a |
| constants/constants.rb:6:15:6:23 | "const_b" | const_b |
| constants/constants.rb:17:12:17:18 | "Hello" | Hello |
| constants/constants.rb:17:22:17:45 | CONST_A | const_a |
| constants/constants.rb:17:49:17:64 | CONST_B | const_b |
| constants/constants.rb:20:14:20:19 | "Vera" | Vera |
| constants/constants.rb:20:22:20:28 | "Chuck" | Chuck |
| constants/constants.rb:20:31:20:36 | "Dave" | Dave |
| constants/constants.rb:28:11:28:15 | "foo" | foo |
| constants/constants.rb:37:30:37:33 | 1024 | 1024 |
| constants/constants.rb:39:6:39:31 | MAX_SIZE | 1024 |
| control/cases.rb:2:5:2:5 | 0 | 0 |
| control/cases.rb:3:5:3:5 | 0 | 0 |
| control/cases.rb:4:5:4:5 | 0 | 0 |
| control/cases.rb:5:5:5:5 | 0 | 0 |
| control/cases.rb:8:6:8:6 | a | 0 |
| control/cases.rb:9:6:9:6 | b | 0 |
| control/cases.rb:10:5:10:7 | 100 | 100 |
| control/cases.rb:11:6:11:6 | c | 0 |
| control/cases.rb:11:9:11:9 | d | 0 |
| control/cases.rb:12:5:12:7 | 200 | 200 |
| control/cases.rb:14:5:14:7 | 300 | 300 |
| control/cases.rb:19:6:19:6 | a | 0 |
| control/cases.rb:19:10:19:10 | b | 0 |
| control/cases.rb:19:18:19:19 | 10 | 10 |
| control/cases.rb:20:6:20:6 | a | 0 |
| control/cases.rb:20:11:20:11 | b | 0 |
| control/cases.rb:20:18:20:19 | 20 | 20 |
| control/cases.rb:21:6:21:6 | a | 0 |
| control/cases.rb:21:10:21:10 | b | 0 |
| control/cases.rb:21:18:21:19 | 30 | 30 |
| control/cases.rb:27:6:27:6 | 5 | 5 |
| control/cases.rb:27:13:27:16 | true | true |
| control/cases.rb:28:8:28:12 | false | false |
| control/cases.rb:32:19:32:19 | 0 | 0 |
| control/cases.rb:33:8:33:11 | true | true |
| control/cases.rb:34:15:34:15 | 0 | 0 |
| control/cases.rb:35:8:35:11 | true | true |
| control/cases.rb:36:8:36:12 | false | false |
| control/cases.rb:40:6:40:6 | 5 | 5 |
| control/cases.rb:41:6:41:6 | 5 | 5 |
| control/cases.rb:42:6:42:6 | 1 | 1 |
| control/cases.rb:42:9:42:9 | 2 | 2 |
| control/cases.rb:43:6:43:6 | 1 | 1 |
| control/cases.rb:43:9:43:9 | 2 | 2 |
| control/cases.rb:44:6:44:6 | 1 | 1 |
| control/cases.rb:44:9:44:9 | 2 | 2 |
| control/cases.rb:44:12:44:12 | 3 | 3 |
| control/cases.rb:45:6:45:6 | 1 | 1 |
| control/cases.rb:45:9:45:9 | 2 | 2 |
| control/cases.rb:45:12:45:12 | 3 | 3 |
| control/cases.rb:46:6:46:6 | 1 | 1 |
| control/cases.rb:46:9:46:9 | 2 | 2 |
| control/cases.rb:46:12:46:12 | 3 | 3 |
| control/cases.rb:47:6:47:6 | 1 | 1 |
| control/cases.rb:47:13:47:13 | 3 | 3 |
| control/cases.rb:49:9:49:9 | 3 | 3 |
| control/cases.rb:49:12:49:12 | 4 | 4 |
| control/cases.rb:50:9:50:9 | 3 | 3 |
| control/cases.rb:51:10:51:10 | 3 | 3 |
| control/cases.rb:52:6:52:6 | :a | a |
| control/cases.rb:53:6:53:6 | :a | a |
| control/cases.rb:53:9:53:9 | 5 | 5 |
| control/cases.rb:54:6:54:6 | :a | a |
| control/cases.rb:54:9:54:9 | 5 | 5 |
| control/cases.rb:55:6:55:6 | :a | a |
| control/cases.rb:55:9:55:9 | 5 | 5 |
| control/cases.rb:55:12:55:12 | :b | b |
| control/cases.rb:56:6:56:6 | :a | a |
| control/cases.rb:56:9:56:9 | 5 | 5 |
| control/cases.rb:56:12:56:12 | :b | b |
| control/cases.rb:57:6:57:6 | :a | a |
| control/cases.rb:57:9:57:9 | 5 | 5 |
| control/cases.rb:57:12:57:12 | :b | b |
| control/cases.rb:59:7:59:7 | 5 | 5 |
| control/cases.rb:60:7:60:7 | 5 | 5 |
| control/cases.rb:61:7:61:7 | 1 | 1 |
| control/cases.rb:61:10:61:10 | 2 | 2 |
| control/cases.rb:62:7:62:7 | 1 | 1 |
| control/cases.rb:62:10:62:10 | 2 | 2 |
| control/cases.rb:63:7:63:7 | 1 | 1 |
| control/cases.rb:63:10:63:10 | 2 | 2 |
| control/cases.rb:63:13:63:13 | 3 | 3 |
| control/cases.rb:64:7:64:7 | 1 | 1 |
| control/cases.rb:64:10:64:10 | 2 | 2 |
| control/cases.rb:64:13:64:13 | 3 | 3 |
| control/cases.rb:65:7:65:7 | 1 | 1 |
| control/cases.rb:65:10:65:10 | 2 | 2 |
| control/cases.rb:65:13:65:13 | 3 | 3 |
| control/cases.rb:66:7:66:7 | 1 | 1 |
| control/cases.rb:66:14:66:14 | 3 | 3 |
| control/cases.rb:68:11:68:11 | 3 | 3 |
| control/cases.rb:68:14:68:14 | 4 | 4 |
| control/cases.rb:69:10:69:10 | 3 | 3 |
| control/cases.rb:70:11:70:11 | 3 | 3 |
| control/cases.rb:71:7:71:7 | :a | a |
| control/cases.rb:72:7:72:7 | :a | a |
| control/cases.rb:72:10:72:10 | 5 | 5 |
| control/cases.rb:73:7:73:7 | :a | a |
| control/cases.rb:73:10:73:10 | 5 | 5 |
| control/cases.rb:74:7:74:7 | :a | a |
| control/cases.rb:74:10:74:10 | 5 | 5 |
| control/cases.rb:74:13:74:13 | :b | b |
| control/cases.rb:75:7:75:7 | :a | a |
| control/cases.rb:75:10:75:10 | 5 | 5 |
| control/cases.rb:75:13:75:13 | :b | b |
| control/cases.rb:76:7:76:7 | :a | a |
| control/cases.rb:76:10:76:10 | 5 | 5 |
| control/cases.rb:76:13:76:13 | :b | b |
| control/cases.rb:84:7:84:8 | 42 | 42 |
| control/cases.rb:87:6:87:6 | 5 | 5 |
| control/cases.rb:88:7:88:9 | foo | 42 |
| control/cases.rb:90:6:90:13 | "string" | string |
| control/cases.rb:91:9:91:11 | "foo" | foo |
| control/cases.rb:91:13:91:15 | "bar" | bar |
| control/cases.rb:92:9:92:11 | :"foo" | foo |
| control/cases.rb:92:13:92:15 | :"bar" | bar |
| control/cases.rb:93:6:93:17 | /.*abc[0-9]/ | .*abc[0-9] |
| control/cases.rb:94:6:94:6 | 5 | 5 |
| control/cases.rb:94:11:94:12 | 10 | 10 |
| control/cases.rb:95:9:95:10 | 10 | 10 |
| control/cases.rb:96:6:96:6 | 5 | 5 |
| control/cases.rb:97:6:97:6 | 5 | 5 |
| control/cases.rb:98:6:98:6 | 5 | 5 |
| control/cases.rb:98:23:98:30 | "string" | string |
| control/cases.rb:102:6:102:8 | nil | nil |
| control/cases.rb:102:19:102:22 | true | true |
| control/cases.rb:102:26:102:30 | false | false |
| control/cases.rb:102:34:102:41 | __LINE__ | 102 |
| control/cases.rb:102:45:102:52 | __FILE__ | control/cases.rb |
| control/cases.rb:102:56:102:67 | __ENCODING__ | UTF-8 |
| control/cases.rb:103:18:103:19 | 10 | 10 |
| control/cases.rb:104:6:104:9 | :foo | foo |
| control/cases.rb:105:6:105:15 | :"foo bar" | foo bar |
| control/cases.rb:106:7:106:7 | 5 | 5 |
| control/cases.rb:106:12:106:13 | 10 | 10 |
| control/cases.rb:107:7:107:7 | 1 | 1 |
| control/cases.rb:108:7:108:7 | 0 | 0 |
| control/cases.rb:108:11:108:12 | "" |  |
| control/cases.rb:127:11:127:11 | 1 | 1 |
| control/cases.rb:127:14:127:14 | 2 | 2 |
| control/cases.rb:128:18:128:18 | 1 | 1 |
| control/cases.rb:136:7:136:7 | :x | x |
| control/cases.rb:137:16:137:16 | :x | x |
| control/cases.rb:137:18:137:18 | 1 | 1 |
| control/cases.rb:138:16:138:16 | :x | x |
| control/cases.rb:138:18:138:18 | 1 | 1 |
| control/cases.rb:138:21:138:21 | :a | a |
| control/cases.rb:139:11:139:11 | :y | y |
| control/cases.rb:141:11:141:11 | :a | a |
| control/cases.rb:141:14:141:14 | 1 | 1 |
| control/conditionals.rb:2:5:2:5 | 0 | 0 |
| control/conditionals.rb:3:5:3:5 | 0 | 0 |
| control/conditionals.rb:4:5:4:5 | 0 | 0 |
| control/conditionals.rb:5:5:5:5 | 0 | 0 |
| control/conditionals.rb:6:5:6:5 | 0 | 0 |
| control/conditionals.rb:7:5:7:5 | 0 | 0 |
| control/conditionals.rb:10:4:10:4 | a | 0 |
| control/conditionals.rb:10:8:10:8 | b | 0 |
| control/conditionals.rb:11:5:11:5 | c | 0 |
| control/conditionals.rb:15:4:15:4 | a | 0 |
| control/conditionals.rb:15:9:15:9 | b | 0 |
| control/conditionals.rb:16:5:16:5 | c | 0 |
| control/conditionals.rb:18:5:18:5 | d | 0 |
| control/conditionals.rb:22:4:22:4 | a | 0 |
| control/conditionals.rb:22:9:22:9 | 0 | 0 |
| control/conditionals.rb:23:5:23:5 | c | 0 |
| control/conditionals.rb:24:7:24:7 | a | 0 |
| control/conditionals.rb:24:12:24:12 | 1 | 1 |
| control/conditionals.rb:25:5:25:5 | d | 0 |
| control/conditionals.rb:26:7:26:7 | a | 0 |
| control/conditionals.rb:26:12:26:12 | 2 | 2 |
| control/conditionals.rb:27:5:27:5 | e | 0 |
| control/conditionals.rb:29:5:29:5 | f | 0 |
| control/conditionals.rb:33:4:33:4 | a | 0 |
| control/conditionals.rb:33:9:33:9 | 0 | 0 |
| control/conditionals.rb:34:5:34:5 | b | 0 |
| control/conditionals.rb:35:7:35:7 | a | 0 |
| control/conditionals.rb:35:12:35:12 | 1 | 1 |
| control/conditionals.rb:36:5:36:5 | c | 0 |
| control/conditionals.rb:40:8:40:8 | a | 0 |
| control/conditionals.rb:40:12:40:12 | b | 0 |
| control/conditionals.rb:41:5:41:5 | c | 0 |
| control/conditionals.rb:45:8:45:8 | a | 0 |
| control/conditionals.rb:45:13:45:13 | b | 0 |
| control/conditionals.rb:46:5:46:5 | c | 0 |
| control/conditionals.rb:48:5:48:5 | d | 0 |
| control/conditionals.rb:52:5:52:5 | b | 0 |
| control/conditionals.rb:52:10:52:10 | c | 0 |
| control/conditionals.rb:52:14:52:14 | d | 0 |
| control/conditionals.rb:55:5:55:5 | b | 0 |
| control/conditionals.rb:55:14:55:14 | c | 0 |
| control/conditionals.rb:55:18:55:18 | d | 0 |
| control/conditionals.rb:58:5:58:5 | b | 0 |
| control/conditionals.rb:58:9:58:9 | c | 0 |
| control/conditionals.rb:58:13:58:13 | d | 0 |
| control/conditionals.rb:58:13:58:17 | ... + ... | 1 |
| control/conditionals.rb:58:17:58:17 | 1 | 1 |
| control/conditionals.rb:58:21:58:21 | e | 0 |
| control/conditionals.rb:58:21:58:25 | ... - ... | -2 |
| control/conditionals.rb:58:25:58:25 | 2 | 2 |
| control/conditionals.rb:61:8:61:8 | b | 0 |
| control/conditionals.rb:62:5:62:5 | c | 0 |
| control/conditionals.rb:67:8:67:8 | b | 0 |
| control/conditionals.rb:69:5:69:5 | c | 0 |
| control/loops.rb:2:7:2:7 | 0 | 0 |
| control/loops.rb:3:7:3:7 | 0 | 0 |
| control/loops.rb:4:5:4:5 | 0 | 0 |
| control/loops.rb:5:5:5:5 | 0 | 0 |
| control/loops.rb:6:5:6:5 | 0 | 0 |
| control/loops.rb:9:10:9:10 | 1 | 1 |
| control/loops.rb:9:13:9:14 | 10 | 10 |
| control/loops.rb:16:10:16:10 | 1 | 1 |
| control/loops.rb:16:13:16:14 | 10 | 10 |
| control/loops.rb:22:5:22:7 | 0 | 0 |
| control/loops.rb:22:10:22:14 | 1 | 1 |
| control/loops.rb:22:20:22:22 | :foo | foo |
| control/loops.rb:22:25:22:25 | 0 | 0 |
| control/loops.rb:22:28:22:30 | :bar | bar |
| control/loops.rb:22:33:22:33 | 1 | 1 |
| control/loops.rb:28:6:28:8 | 0 | 0 |
| control/loops.rb:28:11:28:15 | 1 | 1 |
| control/loops.rb:28:22:28:24 | :foo | foo |
| control/loops.rb:28:27:28:27 | 0 | 0 |
| control/loops.rb:28:30:28:32 | :bar | bar |
| control/loops.rb:28:35:28:35 | 1 | 1 |
| control/loops.rb:35:11:35:11 | y | 0 |
| control/loops.rb:36:8:36:8 | 1 | 1 |
| control/loops.rb:37:8:37:8 | 1 | 1 |
| control/loops.rb:42:11:42:11 | y | 0 |
| control/loops.rb:43:8:43:8 | 1 | 1 |
| control/loops.rb:44:8:44:8 | 2 | 2 |
| control/loops.rb:48:6:48:6 | 1 | 1 |
| control/loops.rb:48:14:48:14 | y | 0 |
| control/loops.rb:51:12:51:12 | y | 0 |
| control/loops.rb:52:8:52:8 | 1 | 1 |
| control/loops.rb:53:8:53:8 | 1 | 1 |
| control/loops.rb:57:11:57:11 | y | 0 |
| control/loops.rb:58:8:58:8 | 1 | 1 |
| control/loops.rb:59:8:59:8 | 4 | 4 |
| control/loops.rb:63:6:63:6 | 1 | 1 |
| control/loops.rb:63:19:63:19 | 0 | 0 |
| control/loops.rb:66:11:66:11 | y | 0 |
| erb/template.html.erb:19:5:19:17 | "hello world" | hello world |
| erb/template.html.erb:25:9:25:10 | "" |  |
| erb/template.html.erb:27:16:27:20 | "foo" | foo |
| erb/template.html.erb:27:23:27:27 | "bar" | bar |
| erb/template.html.erb:27:30:27:34 | "baz" | baz |
| gems/Gemfile:1:8:1:29 | "https://rubygems.org" | https://rubygems.org |
| gems/Gemfile:3:5:3:13 | "foo_gem" | foo_gem |
| gems/Gemfile:3:16:3:23 | "~> 2.0" | ~> 2.0 |
| gems/Gemfile:5:8:5:33 | "https://gems.example.com" | https://gems.example.com |
| gems/Gemfile:6:7:6:14 | "my_gem" | my_gem |
| gems/Gemfile:6:17:6:21 | "1.0" | 1.0 |
| gems/Gemfile:7:7:7:19 | "another_gem" | another_gem |
| gems/Gemfile:7:22:7:28 | "3.1.4" | 3.1.4 |
| gems/lib/test.rb:3:10:3:16 | "Hello" | Hello |
| gems/test.gemspec:2:3:2:8 | __synth__0 | test |
| gems/test.gemspec:2:19:2:24 | "test" | test |
| gems/test.gemspec:3:3:3:11 | __synth__0 | 0.0.0 |
| gems/test.gemspec:3:19:3:25 | "0.0.0" | 0.0.0 |
| gems/test.gemspec:4:3:4:11 | __synth__0 | foo! |
| gems/test.gemspec:4:19:4:24 | "foo!" | foo! |
| gems/test.gemspec:5:3:5:15 | __synth__0 | A test |
| gems/test.gemspec:5:19:5:26 | "A test" | A test |
| gems/test.gemspec:6:20:6:30 | "Mona Lisa" | Mona Lisa |
| gems/test.gemspec:7:3:7:9 | __synth__0 | mona@example.com |
| gems/test.gemspec:7:19:7:36 | "mona@example.com" | mona@example.com |
| gems/test.gemspec:8:20:8:32 | "lib/test.rb" | lib/test.rb |
| gems/test.gemspec:9:3:9:12 | __synth__0 | https://github.com/github/codeql-ruby |
| gems/test.gemspec:9:19:9:57 | "https://github.com/github/cod..." | https://github.com/github/codeql-ruby |
| literals/literals.rb:2:1:2:3 | nil | nil |
| literals/literals.rb:3:1:3:3 | NIL | NIL |
| literals/literals.rb:4:1:4:5 | false | false |
| literals/literals.rb:5:1:5:5 | FALSE | FALSE |
| literals/literals.rb:6:1:6:4 | true | true |
| literals/literals.rb:7:1:7:4 | TRUE | TRUE |
| literals/literals.rb:10:1:10:4 | 1234 | 1234 |
| literals/literals.rb:11:1:11:5 | 5_678 | 5_678 |
| literals/literals.rb:12:1:12:1 | 0 | 0 |
| literals/literals.rb:13:1:13:5 | 0d900 | 0d900 |
| literals/literals.rb:16:1:16:6 | 0x1234 | 0x1234 |
| literals/literals.rb:17:1:17:10 | 0xdeadbeef | 0xdeadbeef |
| literals/literals.rb:18:1:18:11 | 0xF00D_face | 0xF00D_face |
| literals/literals.rb:21:1:21:4 | 0123 | 0123 |
| literals/literals.rb:22:1:22:5 | 0o234 | 0o234 |
| literals/literals.rb:23:1:23:6 | 0O45_6 | 0O45_6 |
| literals/literals.rb:26:1:26:10 | 0b10010100 | 0b10010100 |
| literals/literals.rb:27:1:27:11 | 0B011_01101 | 0B011_01101 |
| literals/literals.rb:30:1:30:5 | 12.34 | 12.34 |
| literals/literals.rb:31:1:31:7 | 1234e-2 | 1234e-2 |
| literals/literals.rb:32:1:32:7 | 1.234E1 | 1.234E1 |
| literals/literals.rb:35:1:35:3 | 23r | 23r |
| literals/literals.rb:36:1:36:5 | 9.85r | 9.85r |
| literals/literals.rb:39:1:39:2 | 2i | 2i |
| literals/literals.rb:46:1:46:2 | "" |  |
| literals/literals.rb:47:1:47:2 | "" |  |
| literals/literals.rb:48:1:48:7 | "hello" | hello |
| literals/literals.rb:49:1:49:9 | "goodbye" | goodbye |
| literals/literals.rb:50:1:50:30 | "string with escaped \\" quote" | string with escaped \\" quote |
| literals/literals.rb:51:1:51:21 | "string with " quote" | string with " quote |
| literals/literals.rb:52:1:52:14 | "foo bar baz" | foo bar baz |
| literals/literals.rb:53:1:53:15 | "foo bar baz" | foo bar baz |
| literals/literals.rb:54:1:54:20 | "foo ' bar " baz'" | foo ' bar " baz' |
| literals/literals.rb:55:1:55:20 | "FOO ' BAR " BAZ'" | FOO ' BAR " BAZ' |
| literals/literals.rb:56:1:56:12 | "foo\\ bar" | foo\\ bar |
| literals/literals.rb:57:1:57:12 | "foo\\ bar" | foo\\ bar |
| literals/literals.rb:58:13:58:13 | 2 | 2 |
| literals/literals.rb:58:13:58:17 | ... + ... | 4 |
| literals/literals.rb:58:17:58:17 | 2 | 2 |
| literals/literals.rb:59:15:59:15 | 3 | 3 |
| literals/literals.rb:59:15:59:19 | ... + ... | 7 |
| literals/literals.rb:59:19:59:19 | 4 | 4 |
| literals/literals.rb:60:1:60:20 | "2 + 2 = #{ 2 + 2 }" | 2 + 2 = #{ 2 + 2 } |
| literals/literals.rb:61:1:61:22 | "3 + 4 = #{ 3 + 4 }" | 3 + 4 = #{ 3 + 4 } |
| literals/literals.rb:62:1:62:5 | "foo" | foo |
| literals/literals.rb:62:7:62:11 | "bar" | bar |
| literals/literals.rb:62:13:62:17 | "baz" | baz |
| literals/literals.rb:63:1:63:7 | "foo" | foo |
| literals/literals.rb:63:9:63:13 | "bar" | bar |
| literals/literals.rb:63:15:63:19 | "baz" | baz |
| literals/literals.rb:64:1:64:5 | "foo" | foo |
| literals/literals.rb:64:14:64:14 | 1 | 1 |
| literals/literals.rb:64:14:64:18 | ... * ... | 1 |
| literals/literals.rb:64:18:64:18 | 1 | 1 |
| literals/literals.rb:64:23:64:27 | "baz" | baz |
| literals/literals.rb:65:17:65:17 | 2 | 2 |
| literals/literals.rb:65:17:65:21 | ... + ... | 5 |
| literals/literals.rb:65:21:65:21 | 3 | 3 |
| literals/literals.rb:66:17:66:17 | 1 | 1 |
| literals/literals.rb:66:17:66:19 | ... + ... | 10 |
| literals/literals.rb:66:19:66:19 | 9 | 9 |
| literals/literals.rb:69:1:69:2 | ?x | ?x |
| literals/literals.rb:70:1:70:3 | ?\\n | ?\\n |
| literals/literals.rb:71:1:71:3 | ?\\s | ?\\s |
| literals/literals.rb:72:1:72:3 | ?\\\\ | ?\\\\ |
| literals/literals.rb:73:1:73:7 | ?\\u{58} | ?\\u{58} |
| literals/literals.rb:74:1:74:5 | ?\\C-a | ?\\C-a |
| literals/literals.rb:75:1:75:5 | ?\\M-a | ?\\M-a |
| literals/literals.rb:76:1:76:8 | ?\\M-\\C-a | ?\\M-\\C-a |
| literals/literals.rb:77:1:77:8 | ?\\C-\\M-a | ?\\C-\\M-a |
| literals/literals.rb:80:1:80:3 | :"" |  |
| literals/literals.rb:81:1:81:6 | :hello | hello |
| literals/literals.rb:82:1:82:10 | :"foo bar" | foo bar |
| literals/literals.rb:83:1:83:10 | :"bar baz" | bar baz |
| literals/literals.rb:84:3:84:5 | :foo | foo |
| literals/literals.rb:84:8:84:12 | "bar" | bar |
| literals/literals.rb:85:1:85:10 | :"wibble" | wibble |
| literals/literals.rb:86:1:86:17 | :"wibble wobble" | wibble wobble |
| literals/literals.rb:87:10:87:10 | 2 | 2 |
| literals/literals.rb:87:10:87:14 | ... + ... | 4 |
| literals/literals.rb:87:14:87:14 | 2 | 2 |
| literals/literals.rb:88:1:88:17 | :"foo_#{ 1 + 1 }" | foo_#{ 1 + 1 } |
| literals/literals.rb:89:1:89:18 | :"foo_#{ 3 - 2 }" | foo_#{ 3 - 2 } |
| literals/literals.rb:93:2:93:2 | 1 | 1 |
| literals/literals.rb:93:5:93:5 | 2 | 2 |
| literals/literals.rb:93:8:93:8 | 3 | 3 |
| literals/literals.rb:94:2:94:2 | 4 | 4 |
| literals/literals.rb:94:5:94:5 | 5 | 5 |
| literals/literals.rb:94:8:94:9 | 12 | 12 |
| literals/literals.rb:94:8:94:13 | ... / ... | 6 |
| literals/literals.rb:94:13:94:13 | 2 | 2 |
| literals/literals.rb:95:2:95:2 | 7 | 7 |
| literals/literals.rb:95:6:95:6 | 8 | 8 |
| literals/literals.rb:95:9:95:9 | 9 | 9 |
| literals/literals.rb:99:4:99:6 | "foo" | foo |
| literals/literals.rb:99:8:99:10 | "bar" | bar |
| literals/literals.rb:99:12:99:14 | "baz" | baz |
| literals/literals.rb:100:4:100:6 | "foo" | foo |
| literals/literals.rb:100:8:100:10 | "bar" | bar |
| literals/literals.rb:100:12:100:14 | "baz" | baz |
| literals/literals.rb:101:4:101:6 | "foo" | foo |
| literals/literals.rb:101:13:101:13 | 1 | 1 |
| literals/literals.rb:101:13:101:15 | ... + ... | 2 |
| literals/literals.rb:101:15:101:15 | 1 | 1 |
| literals/literals.rb:101:18:101:20 | "baz" | baz |
| literals/literals.rb:102:4:102:6 | "foo" | foo |
| literals/literals.rb:102:8:102:16 | "bar#{1+1}" | bar#{1+1} |
| literals/literals.rb:102:18:102:20 | "baz" | baz |
| literals/literals.rb:106:4:106:6 | :"foo" | foo |
| literals/literals.rb:106:8:106:10 | :"bar" | bar |
| literals/literals.rb:106:12:106:14 | :"baz" | baz |
| literals/literals.rb:107:4:107:6 | :"foo" | foo |
| literals/literals.rb:107:8:107:10 | :"bar" | bar |
| literals/literals.rb:107:12:107:14 | :"baz" | baz |
| literals/literals.rb:108:4:108:6 | :"foo" | foo |
| literals/literals.rb:108:14:108:14 | 2 | 2 |
| literals/literals.rb:108:14:108:18 | ... + ... | 6 |
| literals/literals.rb:108:18:108:18 | 4 | 4 |
| literals/literals.rb:108:22:108:24 | :"baz" | baz |
| literals/literals.rb:109:4:109:6 | :"foo" | foo |
| literals/literals.rb:109:8:109:12 | :"bar#{" | bar#{ |
| literals/literals.rb:109:14:109:14 | :"2" | 2 |
| literals/literals.rb:109:16:109:16 | :"+" | + |
| literals/literals.rb:109:18:109:18 | :"4" | 4 |
| literals/literals.rb:109:20:109:20 | :"}" | } |
| literals/literals.rb:109:22:109:24 | :"baz" | baz |
| literals/literals.rb:113:3:113:5 | :foo | foo |
| literals/literals.rb:113:8:113:8 | 1 | 1 |
| literals/literals.rb:113:11:113:14 | :bar | bar |
| literals/literals.rb:113:19:113:19 | 2 | 2 |
| literals/literals.rb:113:22:113:26 | "baz" | baz |
| literals/literals.rb:113:31:113:31 | 3 | 3 |
| literals/literals.rb:114:3:114:5 | :foo | foo |
| literals/literals.rb:114:8:114:8 | 7 | 7 |
| literals/literals.rb:117:2:117:2 | 1 | 1 |
| literals/literals.rb:117:5:117:6 | 10 | 10 |
| literals/literals.rb:118:2:118:2 | 1 | 1 |
| literals/literals.rb:118:6:118:7 | 10 | 10 |
| literals/literals.rb:119:2:119:2 | 1 | 1 |
| literals/literals.rb:119:7:119:7 | 0 | 0 |
| literals/literals.rb:120:9:120:9 | 2 | 2 |
| literals/literals.rb:120:9:120:11 | ... + ... | 5 |
| literals/literals.rb:120:11:120:11 | 3 | 3 |
| literals/literals.rb:121:2:121:2 | 1 | 1 |
| literals/literals.rb:122:4:122:4 | 1 | 1 |
| literals/literals.rb:123:2:123:2 | 0 | 0 |
| literals/literals.rb:123:6:123:6 | 1 | 1 |
| literals/literals.rb:126:1:126:7 | `ls -l` | ls -l |
| literals/literals.rb:127:1:127:9 | `ls -l` | ls -l |
| literals/literals.rb:128:11:128:11 | 1 | 1 |
| literals/literals.rb:128:11:128:15 | ... + ... | 2 |
| literals/literals.rb:128:15:128:15 | 1 | 1 |
| literals/literals.rb:129:13:129:13 | 5 | 5 |
| literals/literals.rb:129:13:129:17 | ... - ... | 1 |
| literals/literals.rb:129:17:129:17 | 4 | 4 |
| literals/literals.rb:132:1:132:2 | // |  |
| literals/literals.rb:133:1:133:5 | /foo/ | foo |
| literals/literals.rb:134:1:134:6 | /foo/ | foo |
| literals/literals.rb:135:1:135:13 | /foo+\\sbar\\S/ | foo+\\sbar\\S |
| literals/literals.rb:136:8:136:8 | 1 | 1 |
| literals/literals.rb:136:8:136:12 | ... + ... | 2 |
| literals/literals.rb:136:12:136:12 | 1 | 1 |
| literals/literals.rb:137:1:137:8 | /foo/ | foo |
| literals/literals.rb:138:1:138:4 | // |  |
| literals/literals.rb:139:1:139:7 | /foo/ | foo |
| literals/literals.rb:140:1:140:8 | /foo/ | foo |
| literals/literals.rb:141:1:141:15 | /foo+\\sbar\\S/ | foo+\\sbar\\S |
| literals/literals.rb:142:10:142:10 | 1 | 1 |
| literals/literals.rb:142:10:142:14 | ... + ... | 2 |
| literals/literals.rb:142:14:142:14 | 1 | 1 |
| literals/literals.rb:143:1:143:10 | /foo/ | foo |
| literals/literals.rb:146:1:146:34 | "abcdefghijklmnopqrstuvwxyzabcdef" | abcdefghijklmnopqrstuvwxyzabcdef |
| literals/literals.rb:147:1:147:35 | "foobarfoobarfoobarfoobarfooba..." | foobarfoobarfoobarfoobarfoobarfoo |
| literals/literals.rb:148:1:148:40 | "foobar\\\\foobar\\\\foobar\\\\fooba..." | foobar\\\\foobar\\\\foobar\\\\foobar\\\\foobar |
| literals/literals.rb:151:9:151:13 | <<SQL | \nselect * from table\n |
| literals/literals.rb:158:11:158:16 | <<-BLA | \nsome text\\nand some more\n   |
| literals/literals.rb:163:9:163:19 | <<~SQUIGGLY | \n   indented stuff\n |
| literals/literals.rb:176:10:176:19 | <<`SCRIPT` | \n cat file.txt\n |
| misc/misc.erb:2:15:2:37 | "main_include_admin.js" | main_include_admin.js |
| misc/misc.rb:1:7:1:11 | "bar" | bar |
| misc/misc.rb:3:7:3:9 | foo | foo |
| misc/misc.rb:3:12:3:15 | :foo | foo |
| misc/misc.rb:3:18:3:21 | foo= | foo= |
| misc/misc.rb:3:24:3:25 | [] | [] |
| misc/misc.rb:3:28:3:30 | []= | []= |
| misc/misc.rb:4:15:4:17 | bar | bar |
| misc/misc.rb:5:7:5:9 | nil | nil |
| misc/misc.rb:5:12:5:15 | true | true |
| misc/misc.rb:5:18:5:22 | false | false |
| misc/misc.rb:5:25:5:29 | super | super |
| misc/misc.rb:5:32:5:35 | self | self |
| misc/misc.rb:7:7:7:9 | new | new |
| misc/misc.rb:7:11:7:14 | :old | old |
| misc/misc.rb:8:7:8:10 | foo= | foo= |
| misc/misc.rb:8:12:8:14 | []= | []= |
| misc/misc.rb:9:7:9:11 | super | super |
| misc/misc.rb:9:13:9:16 | self | self |
| misc/misc.rb:10:13:10:15 | bar | bar |
| misc/misc.rb:10:19:10:24 | :"foo" | foo |
| modules/classes.rb:11:28:11:31 | :baz | baz |
| modules/classes.rb:22:10:22:12 | "a" | a |
| modules/classes.rb:26:10:26:12 | "b" | b |
| modules/classes.rb:30:17:30:19 | 123 | 123 |
| modules/classes.rb:40:5:40:11 | "hello" | hello |
| modules/classes.rb:41:10:41:10 | x | hello |
| modules/classes.rb:43:5:43:7 | 100 | 100 |
| modules/classes.rb:47:10:47:17 | "wibble" | wibble |
| modules/classes.rb:51:18:51:20 | 456 | 456 |
| modules/modules.rb:12:10:12:26 | "module Foo::Bar" | module Foo::Bar |
| modules/modules.rb:13:19:13:19 | 0 | 0 |
| modules/modules.rb:22:8:22:19 | "module Foo" | module Foo |
| modules/modules.rb:23:17:23:17 | 1 | 1 |
| modules/modules.rb:33:8:33:25 | "module Foo again" | module Foo again |
| modules/modules.rb:34:17:34:17 | 2 | 2 |
| modules/modules.rb:44:8:44:19 | "module Bar" | module Bar |
| modules/modules.rb:45:17:45:17 | 3 | 3 |
| modules/modules.rb:55:8:55:30 | "module Foo::Bar again" | module Foo::Bar again |
| modules/modules.rb:56:17:56:17 | 4 | 4 |
| modules/toplevel.rb:1:6:1:12 | "world" | world |
| modules/toplevel.rb:3:12:3:16 | "!!!" | !!! |
| modules/toplevel.rb:5:14:5:20 | "hello" | hello |
| operations/operations.rb:3:5:3:5 | 0 | 0 |
| operations/operations.rb:4:5:4:5 | 0 | 0 |
| operations/operations.rb:5:7:5:7 | 0 | 0 |
| operations/operations.rb:6:8:6:8 | 0 | 0 |
| operations/operations.rb:7:7:7:7 | 0 | 0 |
| operations/operations.rb:8:7:8:7 | 0 | 0 |
| operations/operations.rb:9:10:9:10 | 0 | 0 |
| operations/operations.rb:10:5:10:5 | 0 | 0 |
| operations/operations.rb:11:8:11:8 | 0 | 0 |
| operations/operations.rb:12:5:12:5 | 0 | 0 |
| operations/operations.rb:13:8:13:8 | 0 | 0 |
| operations/operations.rb:14:7:14:7 | 0 | 0 |
| operations/operations.rb:15:9:15:9 | 0 | 0 |
| operations/operations.rb:16:7:16:7 | 0 | 0 |
| operations/operations.rb:17:5:17:5 | 0 | 0 |
| operations/operations.rb:18:5:18:5 | 0 | 0 |
| operations/operations.rb:19:5:19:5 | 0 | 0 |
| operations/operations.rb:20:5:20:5 | 0 | 0 |
| operations/operations.rb:23:2:23:2 | a | 0 |
| operations/operations.rb:24:5:24:5 | b | 0 |
| operations/operations.rb:25:2:25:3 | 14 | 14 |
| operations/operations.rb:26:2:26:2 | 7 | 7 |
| operations/operations.rb:27:2:27:2 | x | 0 |
| operations/operations.rb:28:10:28:12 | foo | 0 |
| operations/operations.rb:29:17:29:17 | 1 | 1 |
| operations/operations.rb:29:22:29:22 | 2 | 2 |
| operations/operations.rb:29:26:29:26 | :a | a |
| operations/operations.rb:29:28:29:28 | 3 | 3 |
| operations/operations.rb:29:34:29:34 | :b | b |
| operations/operations.rb:29:36:29:36 | 4 | 4 |
| operations/operations.rb:29:39:29:39 | :c | c |
| operations/operations.rb:29:41:29:41 | 5 | 5 |
| operations/operations.rb:32:1:32:1 | w | 0 |
| operations/operations.rb:32:1:32:7 | ... + ... | 234 |
| operations/operations.rb:32:5:32:7 | 234 | 234 |
| operations/operations.rb:33:1:33:1 | x | 0 |
| operations/operations.rb:33:1:33:6 | ... - ... | -17 |
| operations/operations.rb:33:5:33:6 | 17 | 17 |
| operations/operations.rb:34:1:34:1 | y | 0 |
| operations/operations.rb:34:1:34:6 | ... * ... | 0 |
| operations/operations.rb:34:5:34:6 | 10 | 10 |
| operations/operations.rb:35:1:35:1 | z | 0 |
| operations/operations.rb:35:1:35:5 | ... / ... | 0 |
| operations/operations.rb:35:5:35:5 | 2 | 2 |
| operations/operations.rb:36:1:36:3 | num | 0 |
| operations/operations.rb:36:7:36:7 | 2 | 2 |
| operations/operations.rb:37:1:37:4 | base | 0 |
| operations/operations.rb:37:9:37:13 | power | 0 |
| operations/operations.rb:40:1:40:3 | foo | 0 |
| operations/operations.rb:40:8:40:10 | bar | 0 |
| operations/operations.rb:41:1:41:3 | baz | 0 |
| operations/operations.rb:41:9:41:11 | qux | 0 |
| operations/operations.rb:42:1:42:1 | a | 0 |
| operations/operations.rb:42:6:42:6 | b | 0 |
| operations/operations.rb:43:1:43:1 | x | 0 |
| operations/operations.rb:43:6:43:6 | y | 0 |
| operations/operations.rb:46:1:46:1 | x | 0 |
| operations/operations.rb:46:6:46:6 | 3 | 3 |
| operations/operations.rb:47:1:47:1 | y | 0 |
| operations/operations.rb:47:6:47:7 | 16 | 16 |
| operations/operations.rb:48:1:48:3 | foo | 0 |
| operations/operations.rb:48:7:48:10 | 0xff | 0xff |
| operations/operations.rb:49:1:49:3 | bar | 0 |
| operations/operations.rb:49:7:49:10 | 0x02 | 0x02 |
| operations/operations.rb:50:1:50:3 | baz | 0 |
| operations/operations.rb:50:7:50:9 | qux | 0 |
| operations/operations.rb:53:1:53:1 | x | 0 |
| operations/operations.rb:53:6:53:6 | y | 0 |
| operations/operations.rb:54:1:54:1 | a | 0 |
| operations/operations.rb:54:6:54:8 | 123 | 123 |
| operations/operations.rb:55:1:55:1 | m | 0 |
| operations/operations.rb:55:7:55:7 | n | 0 |
| operations/operations.rb:58:1:58:1 | x | 0 |
| operations/operations.rb:58:5:58:5 | 0 | 0 |
| operations/operations.rb:59:1:59:1 | y | 0 |
| operations/operations.rb:59:6:59:8 | 100 | 100 |
| operations/operations.rb:60:1:60:1 | a | 0 |
| operations/operations.rb:60:5:60:5 | b | 0 |
| operations/operations.rb:61:1:61:1 | 7 | 7 |
| operations/operations.rb:61:6:61:8 | foo | 0 |
| operations/operations.rb:64:1:64:1 | a | 0 |
| operations/operations.rb:64:7:64:7 | b | 0 |
| operations/operations.rb:65:1:65:4 | name | 0 |
| operations/operations.rb:65:9:65:15 | /foo.*/ | foo.* |
| operations/operations.rb:66:1:66:6 | handle | 0 |
| operations/operations.rb:66:11:66:17 | /.*bar/ | .*bar |
| operations/operations.rb:69:1:69:1 | x | 0 |
| operations/operations.rb:69:3:69:4 | ... + ... | 128 |
| operations/operations.rb:69:6:69:8 | 128 | 128 |
| operations/operations.rb:70:1:70:1 | y | 0 |
| operations/operations.rb:70:3:70:4 | ... - ... | -32 |
| operations/operations.rb:70:6:70:7 | 32 | 32 |
| operations/operations.rb:71:1:71:1 | a | 0 |
| operations/operations.rb:71:3:71:4 | ... * ... | 0 |
| operations/operations.rb:71:6:71:7 | 12 | 12 |
| operations/operations.rb:72:1:72:1 | b | 0 |
| operations/operations.rb:72:3:72:4 | ... / ... | 0 |
| operations/operations.rb:72:6:72:6 | 4 | 4 |
| operations/operations.rb:73:1:73:1 | z | 0 |
| operations/operations.rb:73:6:73:6 | 2 | 2 |
| operations/operations.rb:74:1:74:3 | foo | 0 |
| operations/operations.rb:74:9:74:11 | bar | 0 |
| operations/operations.rb:77:2:77:2 | x | 128 |
| operations/operations.rb:77:8:77:8 | y | -32 |
| operations/operations.rb:78:2:78:2 | a | 0 |
| operations/operations.rb:78:8:78:8 | b | 0 |
| operations/operations.rb:81:8:81:8 | 2 | 2 |
| operations/operations.rb:82:2:82:2 | y | -32 |
| operations/operations.rb:82:8:82:8 | 3 | 3 |
| operations/operations.rb:83:9:83:12 | mask | 0 |
| operations/operations.rb:84:2:84:4 | bar | 0 |
| operations/operations.rb:84:9:84:12 | 0x01 | 0x01 |
| operations/operations.rb:85:2:85:4 | baz | 0 |
| operations/operations.rb:85:9:85:11 | qux | 0 |
| operations/operations.rb:88:8:88:8 | 1 | 1 |
| operations/operations.rb:89:9:89:9 | 2 | 2 |
| operations/operations.rb:91:9:91:9 | 3 | 3 |
| operations/operations.rb:92:10:92:10 | 4 | 4 |
| operations/operations.rb:95:15:95:15 | 5 | 5 |
| operations/operations.rb:96:16:96:16 | 6 | 6 |
| params/params.rb:41:46:41:46 | 7 | 7 |
| params/params.rb:47:19:47:21 | :bar | bar |
| params/params.rb:47:24:47:24 | 2 | 2 |
| params/params.rb:47:27:47:29 | :foo | foo |
| params/params.rb:47:32:47:32 | 3 | 3 |
| params/params.rb:49:37:49:39 | 100 | 100 |
| params/params.rb:53:44:53:44 | 3 | 3 |
| params/params.rb:58:46:58:46 | 0 | 0 |
| params/params.rb:58:56:58:58 | 100 | 100 |
| params/params.rb:63:14:63:19 | "Zeus" | Zeus |
| params/params.rb:65:41:65:42 | 99 | 99 |
| params/params.rb:70:42:70:45 | 1000 | 1000 |
| params/params.rb:70:52:70:53 | 20 | 20 |
